[2026-07-13 17:03:42] [Info] Starting PC Update Checker...
[2026-07-13 17:03:42] [Info] Loaded configuration from C:\Projects\1_Projects\PC-Update-Checker\config.json
[2026-07-13 17:03:42] [Info] Starting System Scan...
[2026-07-13 17:03:42] [Info] [nvidia-driver] Scanning for NVIDIA Graphics Driver...
[2026-07-13 17:03:42] [Info] [nvidia-driver] Found version: 32.0
[2026-07-13 17:03:42] [Info] [vscode] Scanning for Visual Studio Code...
[2026-07-13 17:03:42] [Info] [vscode] Found version: 1.125.1
[2026-07-13 17:03:42] [Info] [powertoys] Scanning for PowerToys...
[2026-07-13 17:03:42] [Info] [powertoys] Not installed or version not found.
[2026-07-13 17:03:42] [Info] [armoury-crate] Scanning for ASUS Armoury Crate...
[2026-07-13 17:03:42] [Info] [armoury-crate] Not installed or version not found.
[2026-07-13 17:03:42] [Info] [geforce-experience] Scanning for NVIDIA GeForce Experience...
[2026-07-13 17:03:42] [Info] [geforce-experience] Not installed or version not found.
[2026-07-13 17:03:42] [Info] [razer-synapse] Scanning for Razer Synapse 3...
[2026-07-13 17:03:42] [Info] [razer-synapse] Not installed or version not found.
[2026-07-13 17:03:42] [Info] [razer-cortex] Scanning for Razer Cortex...
[2026-07-13 17:03:42] [Info] [razer-cortex] Not installed or version not found.
[2026-07-13 17:03:42] [Info] [logitech-options-plus] Scanning for Logitech Options+...
[2026-07-13 17:03:42] [Info] [logitech-options-plus] Found version: 2.4.903778
[2026-07-13 17:03:42] [Info] [steam] Scanning for Steam...
[2026-07-13 17:03:42] [Info] [steam] Found version: 01.00.00.02
[2026-07-13 17:03:42] [Info] [epic-games] Scanning for Epic Games Launcher...
[2026-07-13 17:03:42] [Info] [epic-games] Not installed or version not found.
[2026-07-13 17:03:42] [Info] [battlenet] Scanning for Battle.net...
[2026-07-13 17:03:42] [Info] [battlenet] Found version: 2.51.5.17438
[2026-07-13 17:03:42] [Info] [cyberpunk-2077-steam] Scanning for Cyberpunk 2077 (Steam)...
[2026-07-13 17:03:42] [Info] [cyberpunk-2077-steam] Not installed or version not found.
[2026-07-13 17:03:42] [Info] [fortnite-epic] Scanning for Fortnite (Epic)...
[2026-07-13 17:03:42] [Info] [fortnite-epic] Not installed or version not found.
[2026-07-13 17:03:42] [Info] Starting update check for 13 components.
[2026-07-13 17:03:42] [Info] Executing in Parallel mode (MaxThreads: 5)
[2026-07-13 17:03:47] [Info] [vscode] Updating Visual Studio Code via Winget...
[2026-07-13 17:03:49] [Info] [steam] Updating Steam via Winget...
[2026-07-13 17:03:50] [Info] Generating report...
[2026-07-13 17:03:50] [Info] Report generated at: C:\Projects\1_Projects\PC-Update-Checker\Reports\UpdateReport_20260713_170350.html
[2026-07-13 17:03:56] [Info] Update check completed.
[2026-07-13 17:34:02] [Info] Starting PC Update Checker...
[2026-07-13 17:34:02] [Info] Loaded configuration from C:\Projects\1_Projects\PC-Update-Checker\config.json
[2026-07-13 17:34:02] [Info] Starting System Scan...
[2026-07-13 17:34:02] [Info] [nvidia-driver] Scanning for NVIDIA Graphics Driver...
[2026-07-13 17:34:02] [Info] [nvidia-driver] Found version: 32.0
[2026-07-13 17:34:02] [Info] [vscode] Scanning for Visual Studio Code...
[2026-07-13 17:34:03] [Info] [vscode] Found version: 1.125.1
[2026-07-13 17:34:03] [Info] [powertoys] Scanning for PowerToys...
[2026-07-13 17:34:03] [Info] [powertoys] Not installed or version not found.
[2026-07-13 17:34:03] [Info] [armoury-crate] Scanning for ASUS Armoury Crate...
[2026-07-13 17:34:03] [Info] [armoury-crate] Not installed or version not found.
[2026-07-13 17:34:03] [Info] [geforce-experience] Scanning for NVIDIA GeForce Experience...
[2026-07-13 17:34:03] [Info] [geforce-experience] Not installed or version not found.
[2026-07-13 17:34:03] [Info] [razer-synapse] Scanning for Razer Synapse 3...
[2026-07-13 17:34:03] [Info] [razer-synapse] Not installed or version not found.
[2026-07-13 17:34:03] [Info] [razer-cortex] Scanning for Razer Cortex...
[2026-07-13 17:34:03] [Info] [razer-cortex] Not installed or version not found.
[2026-07-13 17:34:03] [Info] [logitech-options-plus] Scanning for Logitech Options+...
[2026-07-13 17:34:03] [Info] [logitech-options-plus] Found version: 2.4.903778
[2026-07-13 17:34:03] [Info] [steam] Scanning for Steam...
[2026-07-13 17:34:03] [Info] [steam] Found version: 01.00.00.02
[2026-07-13 17:34:03] [Info] [epic-games] Scanning for Epic Games Launcher...
[2026-07-13 17:34:03] [Info] [epic-games] Not installed or version not found.
[2026-07-13 17:34:03] [Info] [battlenet] Scanning for Battle.net...
[2026-07-13 17:34:03] [Info] [battlenet] Found version: 2.51.5.17438
[2026-07-13 17:34:03] [Info] [cyberpunk-2077-steam] Scanning for Cyberpunk 2077 (Steam)...
[2026-07-13 17:34:03] [Info] [cyberpunk-2077-steam] Not installed or version not found.
[2026-07-13 17:34:03] [Info] [fortnite-epic] Scanning for Fortnite (Epic)...
[2026-07-13 17:34:03] [Info] [fortnite-epic] Not installed or version not found.
[2026-07-13 17:34:03] [Info] Starting update check for 13 components.
[2026-07-13 17:34:03] [Info] Executing in Parallel mode (MaxThreads: 5)
[2026-07-13 17:34:04] [Info] [vscode] Updating Visual Studio Code via Winget...
[2026-07-13 17:34:26] [Info] [steam] Updating Steam via Winget...
[2026-07-13 17:34:28] [Info] Generating report...
[2026-07-13 17:34:28] [Info] Report generated at: C:\Projects\1_Projects\PC-Update-Checker\Reports\UpdateReport_20260713_173428.html
[2026-07-13 17:34:33] [Info] Update check completed.
[2026-07-13 17:37:18] [Info] Starting PC Update Checker...
[2026-07-13 17:37:18] [Info] Loaded configuration from C:\Projects\1_Projects\PC-Update-Checker\config.json
[2026-07-13 17:37:18] [Info] Starting System Scan...
[2026-07-13 17:37:18] [Info] [nvidia-driver] Scanning for NVIDIA Graphics Driver...
[2026-07-13 17:37:18] [Info] [nvidia-driver] Found version: 32.0
[2026-07-13 17:37:18] [Info] [vscode] Scanning for Visual Studio Code...
[2026-07-13 17:37:18] [Info] [vscode] Found version: 1.125.1
[2026-07-13 17:37:18] [Info] [powertoys] Scanning for PowerToys...
[2026-07-13 17:37:19] [Info] [powertoys] Found version: 0.100.0
[2026-07-13 17:37:19] [Info] [armoury-crate] Scanning for ASUS Armoury Crate...
[2026-07-13 17:37:19] [Info] [armoury-crate] Not installed or version not found.
[2026-07-13 17:37:19] [Info] [geforce-experience] Scanning for NVIDIA GeForce Experience...
[2026-07-13 17:37:19] [Info] [geforce-experience] Not installed or version not found.
[2026-07-13 17:37:19] [Info] [razer-synapse] Scanning for Razer Synapse 3...
[2026-07-13 17:37:19] [Info] [razer-synapse] Not installed or version not found.
[2026-07-13 17:37:19] [Info] [razer-cortex] Scanning for Razer Cortex...
[2026-07-13 17:37:19] [Info] [razer-cortex] Not installed or version not found.
[2026-07-13 17:37:19] [Info] [logitech-options-plus] Scanning for Logitech Options+...
[2026-07-13 17:37:19] [Info] [logitech-options-plus] Found version: 2.4.903778
[2026-07-13 17:37:19] [Info] [steam] Scanning for Steam...
[2026-07-13 17:37:21] [Info] [steam] Found version: 2.10.91.91
[2026-07-13 17:37:21] [Info] [epic-games] Scanning for Epic Games Launcher...
[2026-07-13 17:37:21] [Info] [epic-games] Not installed or version not found.
[2026-07-13 17:37:21] [Info] [battlenet] Scanning for Battle.net...
[2026-07-13 17:37:21] [Info] [battlenet] Found version: 2.51.5.17438
[2026-07-13 17:37:21] [Info] [cyberpunk-2077-steam] Scanning for Cyberpunk 2077 (Steam)...
[2026-07-13 17:37:21] [Info] [cyberpunk-2077-steam] Not installed or version not found.
[2026-07-13 17:37:21] [Info] [fortnite-epic] Scanning for Fortnite (Epic)...
[2026-07-13 17:37:21] [Info] [fortnite-epic] Not installed or version not found.
[2026-07-13 17:37:21] [Info] Starting update check for 13 components.
[2026-07-13 17:37:21] [Info] Executing in Parallel mode (MaxThreads: 5)
[2026-07-13 17:37:22] [Info] [vscode] Updating Visual Studio Code via Winget...
[2026-07-13 17:37:25] [Info] [powertoys] Updating PowerToys via Winget...
[2026-07-13 17:41:13] [Info] Generating report...
[2026-07-13 17:41:14] [Info] Report generated at: C:\Projects\1_Projects\PC-Update-Checker\Reports\UpdateReport_20260713_174114.html
[2026-07-13 17:41:19] [Info] Update check completed.
[2026-07-13 17:42:05] [Info] Starting PC Update Checker...
[2026-07-13 17:42:05] [Info] Loaded configuration from C:\Projects\1_Projects\PC-Update-Checker\config.json
[2026-07-13 17:42:05] [Info] Starting System Scan...
[2026-07-13 17:42:06] [Info] [nvidia-driver] Scanning for NVIDIA Graphics Driver...
[2026-07-13 17:42:06] [Info] [nvidia-driver] Found version: 32.0
[2026-07-13 17:42:06] [Info] [vscode] Scanning for Visual Studio Code...
[2026-07-13 17:42:06] [Info] [vscode] Found version: 1.125.1
[2026-07-13 17:42:06] [Info] [powertoys] Scanning for PowerToys...
[2026-07-13 17:42:07] [Info] [powertoys] Found version: 0.100.2
[2026-07-13 17:42:07] [Info] [armoury-crate] Scanning for ASUS Armoury Crate...
[2026-07-13 17:42:07] [Info] [armoury-crate] Not installed or version not found.
[2026-07-13 17:42:07] [Info] [geforce-experience] Scanning for NVIDIA GeForce Experience...
[2026-07-13 17:42:07] [Info] [geforce-experience] Not installed or version not found.
[2026-07-13 17:42:07] [Info] [razer-synapse] Scanning for Razer Synapse 3...
[2026-07-13 17:42:07] [Info] [razer-synapse] Not installed or version not found.
[2026-07-13 17:42:07] [Info] [razer-cortex] Scanning for Razer Cortex...
[2026-07-13 17:42:07] [Info] [razer-cortex] Not installed or version not found.
[2026-07-13 17:42:07] [Info] [logitech-options-plus] Scanning for Logitech Options+...
[2026-07-13 17:42:07] [Info] [logitech-options-plus] Found version: 2.4.903778
[2026-07-13 17:42:07] [Info] [steam] Scanning for Steam...
[2026-07-13 17:42:09] [Info] [steam] Found version: 2.10.91.91
[2026-07-13 17:42:09] [Info] [epic-games] Scanning for Epic Games Launcher...
[2026-07-13 17:42:09] [Info] [epic-games] Not installed or version not found.
[2026-07-13 17:42:09] [Info] [battlenet] Scanning for Battle.net...
[2026-07-13 17:42:09] [Info] [battlenet] Found version: 2.51.5.17438
[2026-07-13 17:42:09] [Info] [cyberpunk-2077-steam] Scanning for Cyberpunk 2077 (Steam)...
[2026-07-13 17:42:09] [Info] [cyberpunk-2077-steam] Not installed or version not found.
[2026-07-13 17:42:09] [Info] [fortnite-epic] Scanning for Fortnite (Epic)...
[2026-07-13 17:42:09] [Info] [fortnite-epic] Not installed or version not found.
[2026-07-13 17:42:09] [Info] Starting update check for 13 components.
[2026-07-13 17:42:09] [Info] Executing in Parallel mode (MaxThreads: 5)
[2026-07-13 17:42:10] [Info] [vscode] Updating Visual Studio Code via Winget...
[2026-07-13 17:42:14] [Info] Generating report...
[2026-07-13 17:42:14] [Info] Report generated at: C:\Projects\1_Projects\PC-Update-Checker\Reports\UpdateReport_20260713_174214.html
[2026-07-13 17:42:20] [Info] Update check completed.
