[2026-08-04 12:00:22] [Info] Starting PC Update Checker...
[2026-08-04 12:00:22] [Info] Loaded configuration from C:\Projects\1_Projects\PC-Update-Checker\config.json
[2026-08-04 12:00:22] [Info] Starting System Scan...
[2026-08-04 12:00:22] [Info] [nvidia-driver] Scanning for NVIDIA Graphics Driver...
[2026-08-04 12:00:24] [Info] [nvidia-driver] Found version: 32.0
[2026-08-04 12:00:24] [Info] [vscode] Scanning for Visual Studio Code...
[2026-08-04 12:00:24] [Info] [vscode] Found version: 1.130.0
[2026-08-04 12:00:24] [Info] [powertoys] Scanning for PowerToys...
[2026-08-04 12:00:25] [Info] [powertoys] Found version: 0.100.2
[2026-08-04 12:00:25] [Info] [armoury-crate] Scanning for ASUS Armoury Crate...
[2026-08-04 12:00:25] [Info] [armoury-crate] Not installed or version not found.
[2026-08-04 12:00:25] [Info] [g-helper] Scanning for G-Helper...
[2026-08-04 12:00:25] [Info] [g-helper] Found version: 1.0.0+84cff058c2827abdaa7689b4d55955c532d4a5db
[2026-08-04 12:00:25] [Info] [geforce-experience] Scanning for NVIDIA GeForce Experience...
[2026-08-04 12:00:25] [Info] [geforce-experience] Not installed or version not found.
[2026-08-04 12:00:25] [Info] [razer-synapse] Scanning for Razer Synapse 3...
[2026-08-04 12:00:25] [Info] [razer-synapse] Not installed or version not found.
[2026-08-04 12:00:25] [Info] [razer-cortex] Scanning for Razer Cortex...
[2026-08-04 12:00:25] [Info] [razer-cortex] Not installed or version not found.
[2026-08-04 12:00:25] [Info] [logitech-options-plus] Scanning for Logitech Options+...
[2026-08-04 12:00:25] [Info] [logitech-options-plus] Found version: 2.6.941708
[2026-08-04 12:00:25] [Info] [steam] Scanning for Steam...
[2026-08-04 12:00:26] [Info] [steam] Found version: 2.10.91.91
[2026-08-04 12:00:26] [Info] [epic-games] Scanning for Epic Games Launcher...
[2026-08-04 12:00:26] [Info] [epic-games] Not installed or version not found.
[2026-08-04 12:00:26] [Info] [battlenet] Scanning for Battle.net...
[2026-08-04 12:00:26] [Info] [battlenet] Found version: 2.51.5.17438
[2026-08-04 12:00:26] [Info] [cyberpunk-2077-steam] Scanning for Cyberpunk 2077 (Steam)...
[2026-08-04 12:00:26] [Info] [cyberpunk-2077-steam] Not installed or version not found.
[2026-08-04 12:00:26] [Info] [fortnite-epic] Scanning for Fortnite (Epic)...
[2026-08-04 12:00:26] [Info] [fortnite-epic] Not installed or version not found.
[2026-08-04 12:00:26] [Info] Starting update check for 14 components.
[2026-08-04 12:00:26] [Info] Executing in Sequential mode
[2026-08-04 12:00:28] [Info] Generating report...
[2026-08-04 12:00:29] [Info] Report generated at: C:\Projects\1_Projects\PC-Update-Checker\Reports\UpdateReport_20260804_120029.html
[2026-08-04 12:00:34] [Info] Update check completed.
