[2025-11-21 16:15:19] [Info] Starting PC Update Checker...
[2025-11-21 16:15:19] [Info] Loaded configuration from C:\Projects\PC-Update-Checker\config.json
[2025-11-21 16:15:19] [Info] Starting System Scan...
[2025-11-21 16:15:20] [Info] [nvidia-driver] Scanning for NVIDIA Graphics Driver...
[2025-11-21 16:15:21] [Info] [nvidia-driver] Found version: 32.0
[2025-11-21 16:15:21] [Info] [vscode] Scanning for Visual Studio Code...
[2025-11-21 16:15:21] [Info] [vscode] Found version: 1.105.1
[2025-11-21 16:15:21] [Info] [powertoys] Scanning for PowerToys...
[2025-11-21 16:15:21] [Info] [powertoys] Not installed or version not found.
[2025-11-21 16:15:22] [Info] [armoury-crate] Scanning for ASUS Armoury Crate...
[2025-11-21 16:15:22] [Info] [armoury-crate] Found version: 6.3.5.0
[2025-11-21 16:15:22] [Info] [geforce-experience] Scanning for NVIDIA GeForce Experience...
[2025-11-21 16:15:22] [Info] [geforce-experience] Not installed or version not found.
[2025-11-21 16:15:22] [Info] [razer-synapse] Scanning for Razer Synapse 3...
[2025-11-21 16:15:22] [Info] [razer-synapse] Not installed or version not found.
[2025-11-21 16:15:22] [Info] [razer-cortex] Scanning for Razer Cortex...
[2025-11-21 16:15:22] [Info] [razer-cortex] Found version: 11.4.10+44d1eb445ca204331db64a82e560876f8abd3150
[2025-11-21 16:15:22] [Info] [logitech-options-plus] Scanning for Logitech Options+...
[2025-11-21 16:15:22] [Info] [logitech-options-plus] Found version: 1.98.804269
[2025-11-21 16:15:22] [Info] [steam] Scanning for Steam...
[2025-11-21 16:15:22] [Info] [steam] Found version: 01.00.00.02
[2025-11-21 16:15:22] [Info] [epic-games] Scanning for Epic Games Launcher...
[2025-11-21 16:15:22] [Info] [epic-games] Not installed or version not found.
[2025-11-21 16:15:22] [Info] [battlenet] Scanning for Battle.net...
[2025-11-21 16:15:22] [Info] [battlenet] Found version: 2.47.0.15688
[2025-11-21 16:15:22] [Info] Starting update check for 11 components.
[2025-11-21 16:15:22] [Info] Executing in Sequential mode
[2025-11-21 16:15:35] [Info] Generating report...
[2025-11-21 16:15:35] [Info] Report generated at: C:\Projects\PC-Update-Checker\Reports\UpdateReport_20251121_161535.html
[2025-11-21 16:15:40] [Info] Update check completed.
[2025-11-21 16:45:35] [Info] Starting PC Update Checker...
[2025-11-21 16:45:35] [Info] Loaded configuration from C:\Projects\PC-Update-Checker\config.json
[2025-11-21 16:45:35] [Info] Starting System Scan...
[2025-11-21 16:45:35] [Info] [nvidia-driver] Scanning for NVIDIA Graphics Driver...
[2025-11-21 16:45:36] [Info] [nvidia-driver] Found version: 32.0
[2025-11-21 16:45:36] [Info] [vscode] Scanning for Visual Studio Code...
[2025-11-21 16:45:36] [Info] [vscode] Found version: 1.105.1
[2025-11-21 16:45:36] [Info] [powertoys] Scanning for PowerToys...
[2025-11-21 16:45:36] [Info] [powertoys] Not installed or version not found.
[2025-11-21 16:45:36] [Info] [armoury-crate] Scanning for ASUS Armoury Crate...
[2025-11-21 16:45:36] [Info] [armoury-crate] Found version: 6.3.5.0
[2025-11-21 16:45:36] [Info] [geforce-experience] Scanning for NVIDIA GeForce Experience...
[2025-11-21 16:45:36] [Info] [geforce-experience] Not installed or version not found.
[2025-11-21 16:45:36] [Info] [razer-synapse] Scanning for Razer Synapse 3...
[2025-11-21 16:45:36] [Info] [razer-synapse] Not installed or version not found.
[2025-11-21 16:45:36] [Info] [razer-cortex] Scanning for Razer Cortex...
[2025-11-21 16:45:36] [Info] [razer-cortex] Found version: 11.4.10+44d1eb445ca204331db64a82e560876f8abd3150
[2025-11-21 16:45:36] [Info] [logitech-options-plus] Scanning for Logitech Options+...
[2025-11-21 16:45:36] [Info] [logitech-options-plus] Found version: 1.98.804269
[2025-11-21 16:45:36] [Info] [steam] Scanning for Steam...
[2025-11-21 16:45:36] [Info] [steam] Found version: 01.00.00.02
[2025-11-21 16:45:36] [Info] [epic-games] Scanning for Epic Games Launcher...
[2025-11-21 16:45:36] [Info] [epic-games] Not installed or version not found.
[2025-11-21 16:45:36] [Info] [battlenet] Scanning for Battle.net...
[2025-11-21 16:45:36] [Info] [battlenet] Found version: 2.47.0.15688
[2025-11-21 16:45:36] [Info] [cyberpunk-2077-steam] Scanning for Cyberpunk 2077 (Steam)...
[2025-11-21 16:45:36] [Warning] Error detecting version using SteamManifest : Cannot validate argument on parameter 'Level'. The argument "Debug" does not belong to the set "Info,Warning,Error" specified by the ValidateSet attribute. Supply an argument that is in the set and then try the command again.
[2025-11-21 16:45:36] [Info] [cyberpunk-2077-steam] Not installed or version not found.
[2025-11-21 16:45:36] [Info] [fortnite-epic] Scanning for Fortnite (Epic)...
[2025-11-21 16:45:36] [Warning] Error detecting version using EpicManifest : Cannot validate argument on parameter 'Level'. The argument "Debug" does not belong to the set "Info,Warning,Error" specified by the ValidateSet attribute. Supply an argument that is in the set and then try the command again.
[2025-11-21 16:45:36] [Info] [fortnite-epic] Not installed or version not found.
[2025-11-21 16:45:36] [Info] Starting update check for 13 components.
[2025-11-21 16:45:36] [Info] Executing in Sequential mode
[2025-11-21 16:45:46] [Info] Generating report...
[2025-11-21 16:45:46] [Info] Report generated at: C:\Projects\PC-Update-Checker\Reports\UpdateReport_20251121_164546.html
[2025-11-21 16:45:52] [Info] Update check completed.
[2025-11-21 16:47:36] [Info] Starting PC Update Checker...
[2025-11-21 16:47:36] [Info] Loaded configuration from C:\Projects\PC-Update-Checker\config.json
[2025-11-21 16:47:36] [Info] Starting System Scan...
[2025-11-21 16:47:36] [Info] [nvidia-driver] Scanning for NVIDIA Graphics Driver...
[2025-11-21 16:47:38] [Info] [nvidia-driver] Found version: 32.0
[2025-11-21 16:47:38] [Info] [vscode] Scanning for Visual Studio Code...
[2025-11-21 16:47:38] [Info] [vscode] Found version: 1.105.1
[2025-11-21 16:47:38] [Info] [powertoys] Scanning for PowerToys...
[2025-11-21 16:47:38] [Info] [powertoys] Not installed or version not found.
[2025-11-21 16:47:38] [Info] [armoury-crate] Scanning for ASUS Armoury Crate...
[2025-11-21 16:47:38] [Info] [armoury-crate] Found version: 6.3.5.0
[2025-11-21 16:47:38] [Info] [geforce-experience] Scanning for NVIDIA GeForce Experience...
[2025-11-21 16:47:38] [Info] [geforce-experience] Not installed or version not found.
[2025-11-21 16:47:38] [Info] [razer-synapse] Scanning for Razer Synapse 3...
[2025-11-21 16:47:38] [Info] [razer-synapse] Not installed or version not found.
[2025-11-21 16:47:38] [Info] [razer-cortex] Scanning for Razer Cortex...
[2025-11-21 16:47:38] [Info] [razer-cortex] Found version: 11.4.10+44d1eb445ca204331db64a82e560876f8abd3150
[2025-11-21 16:47:38] [Info] [logitech-options-plus] Scanning for Logitech Options+...
[2025-11-21 16:47:38] [Info] [logitech-options-plus] Found version: 1.98.804269
[2025-11-21 16:47:38] [Info] [steam] Scanning for Steam...
[2025-11-21 16:47:38] [Info] [steam] Found version: 01.00.00.02
[2025-11-21 16:47:38] [Info] [epic-games] Scanning for Epic Games Launcher...
[2025-11-21 16:47:38] [Info] [epic-games] Not installed or version not found.
[2025-11-21 16:47:38] [Info] [battlenet] Scanning for Battle.net...
[2025-11-21 16:47:38] [Info] [battlenet] Found version: 2.47.0.15688
[2025-11-21 16:47:38] [Info] [cyberpunk-2077-steam] Scanning for Cyberpunk 2077 (Steam)...
[2025-11-21 16:47:38] [Info] [cyberpunk-2077-steam] Not installed or version not found.
[2025-11-21 16:47:38] [Info] [fortnite-epic] Scanning for Fortnite (Epic)...
[2025-11-21 16:47:38] [Info] [fortnite-epic] Not installed or version not found.
[2025-11-21 16:47:38] [Info] Starting update check for 13 components.
[2025-11-21 16:47:38] [Info] Executing in Sequential mode
[2025-11-21 16:47:48] [Info] Generating report...
[2025-11-21 16:47:48] [Info] Report generated at: C:\Projects\PC-Update-Checker\Reports\UpdateReport_20251121_164748.html
[2025-11-21 16:47:53] [Info] Update check completed.
